<?xml version="1.0" encoding="utf-8"?><testsuites><testsuite name="pytest" errors="0" failures="0" skipped="0" tests="4" time="6.559" timestamp="2024-09-13T22:46:13.629733" hostname="PC25"><testcase classname="tests.api.test_api.TestBatchPipeline" name="test_should_failed_unkown_column_1" time="0.178" /><testcase classname="tests.api.test_api.TestBatchPipeline" name="test_should_failed_unkown_column_2" time="0.017" /><testcase classname="tests.api.test_api.TestBatchPipeline" name="test_should_failed_unkown_column_3" time="0.018" /><testcase classname="tests.api.test_api.TestBatchPipeline" name="test_should_get_predict" time="0.047" /></testsuite></testsuites>